------------------------------------------------------------
Timing Analyzer Summary
------------------------------------------------------------

Type  : Slow 1200mV 85C Model Setup 'count[1]'
Slack : -40.336
TNS   : -626.685

Type  : Slow 1200mV 85C Model Setup 'count[2]'
Slack : -40.169
TNS   : -703.248

Type  : Slow 1200mV 85C Model Setup 'SW[9]'
Slack : -38.684
TNS   : -479.802

Type  : Slow 1200mV 85C Model Setup 'ADC_CLK_10'
Slack : -4.535
TNS   : -54.193

Type  : Slow 1200mV 85C Model Setup 'clock_divider:clock_divide|clock_out[0]'
Slack : -3.218
TNS   : -15.716

Type  : Slow 1200mV 85C Model Setup 'KEY[0]'
Slack : -0.241
TNS   : -0.241

Type  : Slow 1200mV 85C Model Hold 'clock_divider:clock_divide|clock_out[0]'
Slack : 0.349
TNS   : 0.000

Type  : Slow 1200mV 85C Model Hold 'KEY[0]'
Slack : 0.482
TNS   : 0.000

Type  : Slow 1200mV 85C Model Hold 'ADC_CLK_10'
Slack : 0.639
TNS   : 0.000

Type  : Slow 1200mV 85C Model Hold 'count[2]'
Slack : 1.625
TNS   : 0.000

Type  : Slow 1200mV 85C Model Hold 'count[1]'
Slack : 3.288
TNS   : 0.000

Type  : Slow 1200mV 85C Model Hold 'SW[9]'
Slack : 4.240
TNS   : 0.000

Type  : Slow 1200mV 85C Model Recovery 'clock_divider:clock_divide|clock_out[0]'
Slack : -2.541
TNS   : -15.447

Type  : Slow 1200mV 85C Model Removal 'clock_divider:clock_divide|clock_out[0]'
Slack : 1.514
TNS   : 0.000

Type  : Slow 1200mV 85C Model Minimum Pulse Width 'count[2]'
Slack : -15.923
TNS   : -12853.055

Type  : Slow 1200mV 85C Model Minimum Pulse Width 'count[1]'
Slack : -14.433
TNS   : -9645.304

Type  : Slow 1200mV 85C Model Minimum Pulse Width 'SW[9]'
Slack : -11.761
TNS   : -6335.856

Type  : Slow 1200mV 85C Model Minimum Pulse Width 'ADC_CLK_10'
Slack : -3.000
TNS   : -38.075

Type  : Slow 1200mV 85C Model Minimum Pulse Width 'KEY[0]'
Slack : -3.000
TNS   : -5.806

Type  : Slow 1200mV 85C Model Minimum Pulse Width 'clock_divider:clock_divide|clock_out[0]'
Slack : -1.403
TNS   : -11.224

Type  : Slow 1200mV 0C Model Setup 'count[1]'
Slack : -37.408
TNS   : -580.264

Type  : Slow 1200mV 0C Model Setup 'count[2]'
Slack : -37.275
TNS   : -649.920

Type  : Slow 1200mV 0C Model Setup 'SW[9]'
Slack : -35.944
TNS   : -444.148

Type  : Slow 1200mV 0C Model Setup 'ADC_CLK_10'
Slack : -4.068
TNS   : -46.955

Type  : Slow 1200mV 0C Model Setup 'clock_divider:clock_divide|clock_out[0]'
Slack : -2.862
TNS   : -13.763

Type  : Slow 1200mV 0C Model Setup 'KEY[0]'
Slack : -0.139
TNS   : -0.139

Type  : Slow 1200mV 0C Model Hold 'clock_divider:clock_divide|clock_out[0]'
Slack : 0.313
TNS   : 0.000

Type  : Slow 1200mV 0C Model Hold 'KEY[0]'
Slack : 0.442
TNS   : 0.000

Type  : Slow 1200mV 0C Model Hold 'ADC_CLK_10'
Slack : 0.591
TNS   : 0.000

Type  : Slow 1200mV 0C Model Hold 'count[2]'
Slack : 1.480
TNS   : 0.000

Type  : Slow 1200mV 0C Model Hold 'count[1]'
Slack : 2.961
TNS   : 0.000

Type  : Slow 1200mV 0C Model Hold 'SW[9]'
Slack : 3.813
TNS   : 0.000

Type  : Slow 1200mV 0C Model Recovery 'clock_divider:clock_divide|clock_out[0]'
Slack : -2.271
TNS   : -13.845

Type  : Slow 1200mV 0C Model Removal 'clock_divider:clock_divide|clock_out[0]'
Slack : 1.431
TNS   : 0.000

Type  : Slow 1200mV 0C Model Minimum Pulse Width 'count[2]'
Slack : -14.499
TNS   : -11584.259

Type  : Slow 1200mV 0C Model Minimum Pulse Width 'count[1]'
Slack : -13.087
TNS   : -8692.194

Type  : Slow 1200mV 0C Model Minimum Pulse Width 'SW[9]'
Slack : -10.556
TNS   : -5724.937

Type  : Slow 1200mV 0C Model Minimum Pulse Width 'ADC_CLK_10'
Slack : -3.000
TNS   : -38.075

Type  : Slow 1200mV 0C Model Minimum Pulse Width 'KEY[0]'
Slack : -3.000
TNS   : -5.806

Type  : Slow 1200mV 0C Model Minimum Pulse Width 'clock_divider:clock_divide|clock_out[0]'
Slack : -1.403
TNS   : -11.224

Type  : Fast 1200mV 0C Model Setup 'count[1]'
Slack : -18.177
TNS   : -274.912

Type  : Fast 1200mV 0C Model Setup 'count[2]'
Slack : -18.107
TNS   : -300.863

Type  : Fast 1200mV 0C Model Setup 'SW[9]'
Slack : -17.355
TNS   : -211.418

Type  : Fast 1200mV 0C Model Setup 'ADC_CLK_10'
Slack : -1.463
TNS   : -10.316

Type  : Fast 1200mV 0C Model Setup 'clock_divider:clock_divide|clock_out[0]'
Slack : -0.861
TNS   : -4.009

Type  : Fast 1200mV 0C Model Setup 'KEY[0]'
Slack : 0.498
TNS   : 0.000

Type  : Fast 1200mV 0C Model Hold 'clock_divider:clock_divide|clock_out[0]'
Slack : 0.152
TNS   : 0.000

Type  : Fast 1200mV 0C Model Hold 'KEY[0]'
Slack : 0.196
TNS   : 0.000

Type  : Fast 1200mV 0C Model Hold 'ADC_CLK_10'
Slack : 0.248
TNS   : 0.000

Type  : Fast 1200mV 0C Model Hold 'count[2]'
Slack : 1.066
TNS   : 0.000

Type  : Fast 1200mV 0C Model Hold 'count[1]'
Slack : 1.947
TNS   : 0.000

Type  : Fast 1200mV 0C Model Hold 'SW[9]'
Slack : 2.099
TNS   : 0.000

Type  : Fast 1200mV 0C Model Recovery 'clock_divider:clock_divide|clock_out[0]'
Slack : -1.215
TNS   : -7.135

Type  : Fast 1200mV 0C Model Removal 'clock_divider:clock_divide|clock_out[0]'
Slack : 1.052
TNS   : 0.000

Type  : Fast 1200mV 0C Model Minimum Pulse Width 'count[2]'
Slack : -6.221
TNS   : -4476.464

Type  : Fast 1200mV 0C Model Minimum Pulse Width 'count[1]'
Slack : -5.576
TNS   : -3287.350

Type  : Fast 1200mV 0C Model Minimum Pulse Width 'SW[9]'
Slack : -4.896
TNS   : -2228.355

Type  : Fast 1200mV 0C Model Minimum Pulse Width 'ADC_CLK_10'
Slack : -3.000
TNS   : -28.772

Type  : Fast 1200mV 0C Model Minimum Pulse Width 'KEY[0]'
Slack : -3.000
TNS   : -5.312

Type  : Fast 1200mV 0C Model Minimum Pulse Width 'clock_divider:clock_divide|clock_out[0]'
Slack : -1.000
TNS   : -8.000

------------------------------------------------------------
